C51 COMPILER V9.56.0.0   MAIN                                                              03/24/2018 13:47:59 PAGE 1   


C51 COMPILER V9.56.0.0, COMPILATION OF MODULE MAIN
OBJECT MODULE PLACED IN .\Objects\main.obj
COMPILER INVOKED BY: E:\keil\C51\BIN\C51.EXE main.c OPTIMIZE(8,SPEED) BROWSE DEBUG OBJECTEXTEND PRINT(.\Listings\main.ls
                    -t) TABS(2) OBJECT(.\Objects\main.obj)

line level    source

   1          #include<stc15f2k60s2.h>
   2          #include<intrins.h>
   3          #include<define.c>
   4          #include<ds18b20.c>
   5          #include<key.c>
   6          #include<display.c>
   7          
   8          void banzi_init()
   9          {
  10   1        P2 = 0xa0;
  11   1        P0 = 0x00;
  12   1        
  13   1        P2 = 0x80;
  14   1        P0 = 0xff;
  15   1        
  16   1        P2 = 0xc0;
  17   1        P0 = 0xff;
  18   1        P2 = 0xff;
  19   1        P0 = 0xff;
  20   1      }
  21          
  22          void xianshi()
  23          {
  24   1        P2 = 0xc0;
  25   1        P0 = 0x01;
  26   1        P2 = 0xff;
  27   1        P0 = seven_seg[yi];
  28   1        Delay1ms();
  29   1        
  30   1        P2 = 0xc0;
  31   1        P0 = 0x02;
  32   1        P2 = 0xff;
  33   1        P0 = seven_seg[er];
  34   1        Delay1ms();
  35   1        
  36   1        P2 = 0xc0;
  37   1        P0 = 0x04;
  38   1        P2 = 0xff;
  39   1        P0 = seven_seg[san];
  40   1        Delay1ms();
  41   1        
  42   1        P2 = 0xc0;
  43   1        P0 = 0x08;
  44   1        P2 = 0xff;
  45   1        P0 = seven_seg[si];
  46   1        Delay1ms();
  47   1        
  48   1        P2 = 0xc0;
  49   1        P0 = 0x10;
  50   1        P2 = 0xff;
  51   1        P0 = seven_seg[wu];
  52   1        Delay1ms();
  53   1        
  54   1        P2 = 0xc0;
C51 COMPILER V9.56.0.0   MAIN                                                              03/24/2018 13:47:59 PAGE 2   

  55   1        P0 = 0x20;
  56   1        P2 = 0xff;
  57   1        P0 = seven_seg[liu];
  58   1        Delay1ms();
  59   1        
  60   1        P2 = 0xc0;
  61   1        P0 = 0x40;
  62   1        P2 = 0xff;
  63   1        P0 = seven_seg[qi];
  64   1        Delay1ms();
  65   1        
  66   1        P2 = 0xc0;
  67   1        P0 = 0x80;
  68   1        P2 = 0xff;
  69   1        P0 = seven_seg[ba];
  70   1        Delay1ms();
  71   1        
  72   1        P2 = 0xc0;
  73   1        P0 = 0xff;
  74   1        P2 = 0xff;
  75   1        P0 = 0xff;
  76   1        Delay1ms();
  77   1      
  78   1      }
  79          
  80          void Timer1Init(void)   //100微秒@11.0592MHz
  81          {
  82   1        AUXR |= 0x40;   //定时器时钟1T模式
  83   1        TMOD &= 0x0F;   //设置定时器模式
  84   1        TL1 = 0xAE;   //设置定时初值
  85   1        TH1 = 0xFB;   //设置定时初值
  86   1        TF1 = 0;    //清除TF1标志
  87   1        TR1 = 1;    //定时器1开始计时
  88   1        EA = 1;
  89   1        ET1 = 1;
  90   1      }
  91          
  92          void tm1_isr() interrupt 3 using 1
  93          {
  94   1         cp++;
  95   1        if(cp >= 10)
  96   1        {
  97   2          cp = 0;
  98   2        }
  99   1        if(shengyushijian != 0)
 100   1        {
 101   2          if(cp > zhankongbi)
 102   2          {
 103   3            P34 = 0;
 104   3          }
 105   2          else 
 106   2          {
 107   3            P34 = 1;
 108   3          }
 109   2        }
 110   1        else if(shengyushijian == 0)
 111   1        {
 112   2          P34 = 0;
 113   2        }
 114   1      }
 115          
 116          void Timer0Init(void)   //5毫秒@11.0592MHz
C51 COMPILER V9.56.0.0   MAIN                                                              03/24/2018 13:47:59 PAGE 3   

 117          {
 118   1        AUXR |= 0x80;   //定时器时钟1T模式
 119   1        TMOD &= 0xF0;   //设置定时器模式
 120   1        TL0 = 0x00;   //设置定时初值
 121   1        TH0 = 0x28;   //设置定时初值
 122   1        TF0 = 0;    //清除TF0标志
 123   1        TR0 = 1;    //定时器0开始计时
 124   1        EA = 1;
 125   1        ET0 = 1;
 126   1      }
 127          
 128          void timer0()interrupt 1
 129          {
 130   1        cp1++;
 131   1        if(cp1 >= 200)
 132   1        {
 133   2          cp1 = 0;
 134   2          if(shengyushijian <= 0)
 135   2          {
 136   3            shengyushijian = 0;
 137   3          }
 138   2          else 
 139   2          {   
 140   3            shengyushijian--;
 141   3          }
 142   2        }
 143   1      }
 144          
 145          void main()
 146          {
 147   1        banzi_init();
 148   1        Timer1Init();
 149   1        Timer0Init();
 150   1        while(1)
 151   1        {
 152   2          wendu = DS18B20_get();
 153   2          keyscan();
 154   2          display();
 155   2          xianshi();
 156   2        }
 157   1      }


MODULE INFORMATION:   STATIC OVERLAYABLE
   CODE SIZE        =    780    ----
   CONSTANT SIZE    =     12    ----
   XDATA SIZE       =   ----    ----
   PDATA SIZE       =   ----    ----
   DATA SIZE        =     18    ----
   IDATA SIZE       =   ----    ----
   BIT SIZE         =   ----       1
END OF MODULE INFORMATION.


C51 COMPILATION COMPLETE.  0 WARNING(S),  0 ERROR(S)
