C51 COMPILER V9.56.0.0   MAIN                                                              03/23/2018 09:54:42 PAGE 1   


C51 COMPILER V9.56.0.0, COMPILATION OF MODULE MAIN
OBJECT MODULE PLACED IN .\Objects\main.obj
COMPILER INVOKED BY: E:\keil\C51\BIN\C51.EXE main.c OPTIMIZE(8,SPEED) BROWSE DEBUG OBJECTEXTEND PRINT(.\Listings\main.ls
                    -t) TABS(2) OBJECT(.\Objects\main.obj)

line level    source

   1          #include<stc15f2k60s2.h>
   2          #include<intrins.h>
   3          #include<define.c>
   4          #include<ds1302.c>
   5          #include<iic.c>
   6          #include<display.c>
   7          #include<key.c>
   8          void banzi_init()
   9          {
  10   1        P2 = 0xa0;
  11   1        P0 = 0x00;
  12   1        
  13   1        P2 = 0x80;
  14   1        P0 = 0xff;
  15   1        
  16   1        P2 = 0xc0;
  17   1        P0 = 0xff;
  18   1        P2 = 0xff;
  19   1        P0 = 0xff;
  20   1      }
  21          
  22          void xianshi()
  23          {
  24   1        P2 = 0xc0;
  25   1        P0 = 0x01;
  26   1        P2 = 0xff;
  27   1        P0 = seven_seg[yi];
  28   1        Delay1ms();
  29   1        
  30   1        P2 = 0xc0;
  31   1        P0 = 0x02;
  32   1        P2 = 0xff;
  33   1        P0 = seven_seg[er];
  34   1        Delay1ms();
  35   1        
  36   1        P2 = 0xc0;
  37   1        P0 = 0x04;
  38   1        P2 = 0xff;
  39   1        P0 = seven_seg[san];
  40   1        Delay1ms();
  41   1        
  42   1        P2 = 0xc0;
  43   1        P0 = 0x08;
  44   1        P2 = 0xff;
  45   1        P0 = seven_seg[si];
  46   1        Delay1ms();
  47   1        
  48   1        P2 = 0xc0;
  49   1        P0 = 0x10;
  50   1        P2 = 0xff;
  51   1        P0 = seven_seg[wu];
  52   1        Delay1ms();
  53   1        
  54   1        P2 = 0xc0;
C51 COMPILER V9.56.0.0   MAIN                                                              03/23/2018 09:54:42 PAGE 2   

  55   1        P0 = 0x20;
  56   1        P2 = 0xff;
  57   1        P0 = seven_seg[liu];
  58   1        Delay1ms();
  59   1        
  60   1        P2 = 0xc0;
  61   1        P0 = 0x40;
  62   1        P2 = 0xff;
  63   1        P0 = seven_seg[qi];
  64   1        Delay1ms();
  65   1        
  66   1        P2 = 0xc0;
  67   1        P0 = 0x80;
  68   1        P2 = 0xff;
  69   1        P0 = seven_seg[ba];
  70   1        Delay1ms();
  71   1        
  72   1        P2 = 0xc0;
  73   1        P0 = 0xff;
  74   1        P2 = 0xff;
  75   1        P0 = 0xff;
  76   1        Delay1ms();
  77   1      }
  78          
  79          void main()
  80          {
  81   1        banzi_init();
  82   1        DS1302_init();
  83   1        fazhi = AT24C04_Read(0x00);
  84   1        while(1)
  85   1        {
  86   2          shidu = AD(0x03);
  87   2          shidu = shidu * 0.39;
  88   2          DS1302_Read();
  89   2          keyscan();
  90   2          display();
  91   2          xianshi();
  92   2        }
  93   1      }


MODULE INFORMATION:   STATIC OVERLAYABLE
   CODE SIZE        =   1538    ----
   CONSTANT SIZE    =     12    ----
   XDATA SIZE       =   ----    ----
   PDATA SIZE       =   ----    ----
   DATA SIZE        =     21    ----
   IDATA SIZE       =   ----    ----
   BIT SIZE         =      4       1
END OF MODULE INFORMATION.


C51 COMPILATION COMPLETE.  0 WARNING(S),  0 ERROR(S)
